Archive member included to satisfy reference by file (symbol)

f:/ac6/system workbench/plugins/fr.ac6.mcu.externaltools.arm-none.win32_1.7.0.201602121829/tools/compiler/bin/../lib/gcc/arm-none-eabi/5.2.1/armv7e-m/fpu\libgcc.a(_arm_addsubdf3.o)
                              Src/main.o (__aeabi_i2d)
f:/ac6/system workbench/plugins/fr.ac6.mcu.externaltools.arm-none.win32_1.7.0.201602121829/tools/compiler/bin/../lib/gcc/arm-none-eabi/5.2.1/armv7e-m/fpu\libgcc.a(_arm_muldivdf3.o)
                              Src/main.o (__aeabi_dmul)
f:/ac6/system workbench/plugins/fr.ac6.mcu.externaltools.arm-none.win32_1.7.0.201602121829/tools/compiler/bin/../lib/gcc/arm-none-eabi/5.2.1/armv7e-m/fpu\libgcc.a(_arm_fixdfsi.o)
                              Src/main.o (__aeabi_d2iz)
f:/ac6/system workbench/plugins/fr.ac6.mcu.externaltools.arm-none.win32_1.7.0.201602121829/tools/compiler/bin/../lib/gcc/arm-none-eabi/5.2.1/../../../../arm-none-eabi/lib/armv7e-m/fpu\libc_nano.a(lib_a-ctype_.o)
                              Src/lcd5110.o (__ctype_ptr__)
f:/ac6/system workbench/plugins/fr.ac6.mcu.externaltools.arm-none.win32_1.7.0.201602121829/tools/compiler/bin/../lib/gcc/arm-none-eabi/5.2.1/../../../../arm-none-eabi/lib/armv7e-m/fpu\libc_nano.a(lib_a-exit.o)
                              f:/ac6/system workbench/plugins/fr.ac6.mcu.externaltools.arm-none.win32_1.7.0.201602121829/tools/compiler/bin/../lib/gcc/arm-none-eabi/5.2.1/../../../../arm-none-eabi/lib/armv7e-m/fpu/crt0.o (exit)
f:/ac6/system workbench/plugins/fr.ac6.mcu.externaltools.arm-none.win32_1.7.0.201602121829/tools/compiler/bin/../lib/gcc/arm-none-eabi/5.2.1/../../../../arm-none-eabi/lib/armv7e-m/fpu\libc_nano.a(lib_a-impure.o)
                              f:/ac6/system workbench/plugins/fr.ac6.mcu.externaltools.arm-none.win32_1.7.0.201602121829/tools/compiler/bin/../lib/gcc/arm-none-eabi/5.2.1/../../../../arm-none-eabi/lib/armv7e-m/fpu\libc_nano.a(lib_a-exit.o) (_global_impure_ptr)
f:/ac6/system workbench/plugins/fr.ac6.mcu.externaltools.arm-none.win32_1.7.0.201602121829/tools/compiler/bin/../lib/gcc/arm-none-eabi/5.2.1/../../../../arm-none-eabi/lib/armv7e-m/fpu\libc_nano.a(lib_a-init.o)
                              f:/ac6/system workbench/plugins/fr.ac6.mcu.externaltools.arm-none.win32_1.7.0.201602121829/tools/compiler/bin/../lib/gcc/arm-none-eabi/5.2.1/../../../../arm-none-eabi/lib/armv7e-m/fpu/crt0.o (__libc_init_array)
f:/ac6/system workbench/plugins/fr.ac6.mcu.externaltools.arm-none.win32_1.7.0.201602121829/tools/compiler/bin/../lib/gcc/arm-none-eabi/5.2.1/../../../../arm-none-eabi/lib/armv7e-m/fpu\libc_nano.a(lib_a-itoa.o)
                              Src/lcd5110.o (itoa)
f:/ac6/system workbench/plugins/fr.ac6.mcu.externaltools.arm-none.win32_1.7.0.201602121829/tools/compiler/bin/../lib/gcc/arm-none-eabi/5.2.1/../../../../arm-none-eabi/lib/armv7e-m/fpu\libc_nano.a(lib_a-memset.o)
                              f:/ac6/system workbench/plugins/fr.ac6.mcu.externaltools.arm-none.win32_1.7.0.201602121829/tools/compiler/bin/../lib/gcc/arm-none-eabi/5.2.1/../../../../arm-none-eabi/lib/armv7e-m/fpu/crt0.o (memset)
f:/ac6/system workbench/plugins/fr.ac6.mcu.externaltools.arm-none.win32_1.7.0.201602121829/tools/compiler/bin/../lib/gcc/arm-none-eabi/5.2.1/../../../../arm-none-eabi/lib/armv7e-m/fpu\libc_nano.a(lib_a-utoa.o)
                              f:/ac6/system workbench/plugins/fr.ac6.mcu.externaltools.arm-none.win32_1.7.0.201602121829/tools/compiler/bin/../lib/gcc/arm-none-eabi/5.2.1/../../../../arm-none-eabi/lib/armv7e-m/fpu\libc_nano.a(lib_a-itoa.o) (__utoa)
f:/ac6/system workbench/plugins/fr.ac6.mcu.externaltools.arm-none.win32_1.7.0.201602121829/tools/compiler/bin/../lib/gcc/arm-none-eabi/5.2.1/../../../../arm-none-eabi/lib/armv7e-m/fpu\libc_nano.a(lib_a-vsnprintf.o)
                              Src/lcd5110.o (vsnprintf)
f:/ac6/system workbench/plugins/fr.ac6.mcu.externaltools.arm-none.win32_1.7.0.201602121829/tools/compiler/bin/../lib/gcc/arm-none-eabi/5.2.1/../../../../arm-none-eabi/lib/armv7e-m/fpu\libc_nano.a(lib_a-nano-svfprintf.o)
                              f:/ac6/system workbench/plugins/fr.ac6.mcu.externaltools.arm-none.win32_1.7.0.201602121829/tools/compiler/bin/../lib/gcc/arm-none-eabi/5.2.1/../../../../arm-none-eabi/lib/armv7e-m/fpu\libc_nano.a(lib_a-vsnprintf.o) (_svfprintf_r)
f:/ac6/system workbench/plugins/fr.ac6.mcu.externaltools.arm-none.win32_1.7.0.201602121829/tools/compiler/bin/../lib/gcc/arm-none-eabi/5.2.1/../../../../arm-none-eabi/lib/armv7e-m/fpu\libc_nano.a(lib_a-nano-vfprintf_i.o)
                              f:/ac6/system workbench/plugins/fr.ac6.mcu.externaltools.arm-none.win32_1.7.0.201602121829/tools/compiler/bin/../lib/gcc/arm-none-eabi/5.2.1/../../../../arm-none-eabi/lib/armv7e-m/fpu\libc_nano.a(lib_a-nano-svfprintf.o) (_printf_i)
[...]
Memory Configuration

Name             Origin             Length             Attributes
RAM              0x20000000         0x00020000         xrw
CCMRAM           0x10000000         0x00010000         rw
FLASH            0x08000000         0x00100000         xr
*default*        0x00000000         0xffffffff

Linker script and memory map

LOAD f:/ac6/system workbench/plugins/fr.ac6.mcu.externaltools.arm-none.win32_1.7.0.201602121829/tools/compiler/bin/../lib/gcc/arm-none-eabi/5.2.1/armv7e-m/fpu/crti.o
LOAD f:/ac6/system workbench/plugins/fr.ac6.mcu.externaltools.arm-none.win32_1.7.0.201602121829/tools/compiler/bin/../lib/gcc/arm-none-eabi/5.2.1/armv7e-m/fpu/crtbegin.o
LOAD f:/ac6/system workbench/plugins/fr.ac6.mcu.externaltools.arm-none.win32_1.7.0.201602121829/tools/compiler/bin/../lib/gcc/arm-none-eabi/5.2.1/../../../../arm-none-eabi/lib/armv7e-m/fpu/crt0.o
LOAD f:/ac6/system workbench/plugins/fr.ac6.mcu.externaltools.arm-none.win32_1.7.0.201602121829/tools/compiler/bin/../lib/gcc/arm-none-eabi/5.2.1/../../../../arm-none-eabi/lib/armv7e-m/fpu\libm.a
LOAD Drivers/CMSIS/Device/ST/STM32F4xx/Source/Templates/gcc/startup_stm32f407xx.o
LOAD Drivers/CMSIS/Device/ST/STM32F4xx/Source/Templates/system_stm32f4xx.o
LOAD Drivers/STM32F4xx_HAL_Driver/Src/stm32f4xx_hal.o
LOAD Drivers/STM32F4xx_HAL_Driver/Src/stm32f4xx_hal_cortex.o
LOAD Drivers/STM32F4xx_HAL_Driver/Src/stm32f4xx_hal_dma.o
LOAD Drivers/STM32F4xx_HAL_Driver/Src/stm32f4xx_hal_dma_ex.o
LOAD Drivers/STM32F4xx_HAL_Driver/Src/stm32f4xx_hal_flash.o
LOAD Drivers/STM32F4xx_HAL_Driver/Src/stm32f4xx_hal_flash_ex.o
LOAD Drivers/STM32F4xx_HAL_Driver/Src/stm32f4xx_hal_flash_ramfunc.o
LOAD Drivers/STM32F4xx_HAL_Driver/Src/stm32f4xx_hal_gpio.o
LOAD Drivers/STM32F4xx_HAL_Driver/Src/stm32f4xx_hal_i2c.o
LOAD Drivers/STM32F4xx_HAL_Driver/Src/stm32f4xx_hal_i2c_ex.o
LOAD Drivers/STM32F4xx_HAL_Driver/Src/stm32f4xx_hal_pwr.o
LOAD Drivers/STM32F4xx_HAL_Driver/Src/stm32f4xx_hal_pwr_ex.o
LOAD Drivers/STM32F4xx_HAL_Driver/Src/stm32f4xx_hal_rcc.o
LOAD Drivers/STM32F4xx_HAL_Driver/Src/stm32f4xx_hal_rcc_ex.o
LOAD Drivers/STM32F4xx_HAL_Driver/Src/stm32f4xx_hal_rng.o
LOAD Drivers/STM32F4xx_HAL_Driver/Src/stm32f4xx_hal_spi.o
LOAD Drivers/STM32F4xx_HAL_Driver/Src/stm32f4xx_hal_tim.o
LOAD Drivers/STM32F4xx_HAL_Driver/Src/stm32f4xx_hal_tim_ex.o
LOAD Src/gpio.o
LOAD Src/i2c.o
LOAD Src/lcd5110.o
LOAD Src/lcd5110_hal.o
LOAD Src/lcd5110_ll.o
LOAD Src/main.o
LOAD Src/rng.o
LOAD Src/spi.o
LOAD Src/stm32f4xx_hal_msp.o
LOAD Src/stm32f4xx_it.o
START GROUP
LOAD f:/ac6/system workbench/plugins/fr.ac6.mcu.externaltools.arm-none.win32_1.7.0.201602121829/tools/compiler/bin/../lib/gcc/arm-none-eabi/5.2.1/armv7e-m/fpu\libgcc.a
LOAD f:/ac6/system workbench/plugins/fr.ac6.mcu.externaltools.arm-none.win32_1.7.0.201602121829/tools/compiler/bin/../lib/gcc/arm-none-eabi/5.2.1/../../../../arm-none-eabi/lib/armv7e-m/fpu\libc_nano.a
END GROUP
START GROUP
LOAD f:/ac6/system workbench/plugins/fr.ac6.mcu.externaltools.arm-none.win32_1.7.0.201602121829/tools/compiler/bin/../lib/gcc/arm-none-eabi/5.2.1/armv7e-m/fpu\libgcc.a
LOAD f:/ac6/system workbench/plugins/fr.ac6.mcu.externaltools.arm-none.win32_1.7.0.201602121829/tools/compiler/bin/../lib/gcc/arm-none-eabi/5.2.1/../../../../arm-none-eabi/lib/armv7e-m/fpu\libc_nano.a
LOAD f:/ac6/system workbench/plugins/fr.ac6.mcu.externaltools.arm-none.win32_1.7.0.201602121829/tools/compiler/bin/../lib/gcc/arm-none-eabi/5.2.1/../../../../arm-none-eabi/lib/armv7e-m/fpu\libnosys.a
END GROUP
START GROUP
LOAD f:/ac6/system workbench/plugins/fr.ac6.mcu.externaltools.arm-none.win32_1.7.0.201602121829/tools/compiler/bin/../lib/gcc/arm-none-eabi/5.2.1/armv7e-m/fpu\libgcc.a
LOAD f:/ac6/system workbench/plugins/fr.ac6.mcu.externaltools.arm-none.win32_1.7.0.201602121829/tools/compiler/bin/../lib/gcc/arm-none-eabi/5.2.1/../../../../arm-none-eabi/lib/armv7e-m/fpu\libc_nano.a
LOAD f:/ac6/system workbench/plugins/fr.ac6.mcu.externaltools.arm-none.win32_1.7.0.201602121829/tools/compiler/bin/../lib/gcc/arm-none-eabi/5.2.1/../../../../arm-none-eabi/lib/armv7e-m/fpu\libnosys.a
END GROUP
LOAD f:/ac6/system workbench/plugins/fr.ac6.mcu.externaltools.arm-none.win32_1.7.0.201602121829/tools/compiler/bin/../lib/gcc/arm-none-eabi/5.2.1/armv7e-m/fpu/crtend.o
LOAD f:/ac6/system workbench/plugins/fr.ac6.mcu.externaltools.arm-none.win32_1.7.0.201602121829/tools/compiler/bin/../lib/gcc/arm-none-eabi/5.2.1/armv7e-m/fpu/crtn.o
                0x20020000                _estack = 0x20020000
                0x00000200                _Min_Heap_Size = 0x200
                0x00000400                _Min_Stack_Size = 0x400

.isr_vector     0x08000000      0x188
                0x08000000                . = ALIGN (0x4)
 *(.isr_vector)
 .isr_vector    0x08000000      0x188 Drivers/CMSIS/Device/ST/STM32F4xx/Source/Templates/gcc/startup_stm32f407xx.o
                0x08000000                g_pfnVectors
                0x08000188                . = ALIGN (0x4)

.text           0x08000188     0x2d70
                0x08000188                . = ALIGN (0x4)
 *(.text)
 .text          0x08000188       0xa4 f:/ac6/system workbench/plugins/fr.ac6.mcu.externaltools.arm-none.win32_1.7.0.201602121829/tools/compiler/bin/../lib/gcc/arm-none-eabi/5.2.1/armv7e-m/fpu/crtbegin.o
 .text          0x0800022c      0x370 f:/ac6/system workbench/plugins/fr.ac6.mcu.externaltools.arm-none.win32_1.7.0.201602121829/tools/compiler/bin/../lib/gcc/arm-none-eabi/5.2.1/armv7e-m/fpu\libgcc.a(_arm_addsubdf3.o)
                0x0800022c                __aeabi_drsub
                0x08000234                __aeabi_dsub
                0x08000234                __subdf3
                0x08000238                __aeabi_dadd
                0x08000238                __adddf3
                0x080004b0                __floatunsidf
                0x080004b0                __aeabi_ui2d
                0x080004d0                __floatsidf
                0x080004d0                __aeabi_i2d
                0x080004f4                __aeabi_f2d
                0x080004f4                __extendsfdf2
                0x08000530                __floatundidf
                0x08000530                __aeabi_ul2d
                0x08000540                __floatdidf
                0x08000540                __aeabi_l2d
 .text          0x0800059c      0x424 f:/ac6/system workbench/plugins/fr.ac6.mcu.externaltools.arm-none.win32_1.7.0.201602121829/tools/compiler/bin/../lib/gcc/arm-none-eabi/5.2.1/armv7e-m/fpu\libgcc.a(_arm_muldivdf3.o)
                0x0800059c                __aeabi_dmul
                0x0800059c                __muldf3
                0x080007f0                __divdf3
                0x080007f0                __aeabi_ddiv
 .text          0x080009c0       0x50 f:/ac6/system workbench/plugins/fr.ac6.mcu.externaltools.arm-none.win32_1.7.0.201602121829/tools/compiler/bin/../lib/gcc/arm-none-eabi/5.2.1/armv7e-m/fpu\libgcc.a(_arm_fixdfsi.o)
                0x080009c0                __aeabi_d2iz
                0x080009c0                __fixdfsi
 *(.text*)
 .text.Reset_Handler
                0x08000a10       0x50 Drivers/CMSIS/Device/ST/STM32F4xx/Source/Templates/gcc/startup_stm32f407xx.o
                0x08000a10                Reset_Handler
 .text.Default_Handler
                0x08000a60        0x2 Drivers/CMSIS/Device/ST/STM32F4xx/Source/Templates/gcc/startup_stm32f407xx.o
                0x08000a60                RTC_Alarm_IRQHandler
                0x08000a60                HASH_RNG_IRQHandler
                0x08000a60                EXTI2_IRQHandler
                0x08000a60                TIM8_CC_IRQHandler
                0x08000a60                TIM1_CC_IRQHandler
                0x08000a60                DMA2_Stream5_IRQHandler
                0x08000a60                DMA1_Stream5_IRQHandler
                0x08000a60                PVD_IRQHandler
                0x08000a60                SDIO_IRQHandler
                0x08000a60                TAMP_STAMP_IRQHandler
                0x08000a60                CAN2_RX1_IRQHandler
                0x08000a60                EXTI3_IRQHandler
                0x08000a60                TIM8_TRG_COM_TIM14_IRQHandler
                0x08000a60                TIM1_UP_TIM10_IRQHandler
                0x08000a60                TIM8_UP_TIM13_IRQHandler
                0x08000a60                I2C3_ER_IRQHandler
                0x08000a60                EXTI0_IRQHandler
                0x08000a60                I2C2_EV_IRQHandler
                0x08000a60                DMA1_Stream2_IRQHandler
                0x08000a60                CAN1_RX0_IRQHandler
                0x08000a60                FPU_IRQHandler
                0x08000a60                OTG_HS_WKUP_IRQHandler
                0x08000a60                CAN2_SCE_IRQHandler
                0x08000a60                DMA2_Stream2_IRQHandler
                0x08000a60                SPI1_IRQHandler
                0x08000a60                TIM6_DAC_IRQHandler
                0x08000a60                TIM1_BRK_TIM9_IRQHandler
                0x08000a60                DCMI_IRQHandler
                0x08000a60                CAN2_RX0_IRQHandler
                0x08000a60                DMA2_Stream3_IRQHandler
                0x08000a60                USART6_IRQHandler
                0x08000a60                USART3_IRQHandler
                0x08000a60                CAN1_RX1_IRQHandler
                0x08000a60                UART5_IRQHandler
                0x08000a60                DMA2_Stream0_IRQHandler
                0x08000a60                TIM4_IRQHandler
                0x08000a60                I2C1_EV_IRQHandler
                0x08000a60                DMA1_Stream6_IRQHandler
                0x08000a60                DMA1_Stream1_IRQHandler
                0x08000a60                UART4_IRQHandler
                0x08000a60                TIM3_IRQHandler
                0x08000a60                RCC_IRQHandler
                0x08000a60                TIM8_BRK_TIM12_IRQHandler
                0x08000a60                Default_Handler
                0x08000a60                EXTI15_10_IRQHandler
                0x08000a60                ADC_IRQHandler
                0x08000a60                DMA1_Stream7_IRQHandler
                0x08000a60                TIM7_IRQHandler
                0x08000a60                CAN2_TX_IRQHandler
                0x08000a60                TIM5_IRQHandler
                0x08000a60                DMA2_Stream7_IRQHandler
                0x08000a60                I2C3_EV_IRQHandler
                0x08000a60                EXTI9_5_IRQHandler
                0x08000a60                RTC_WKUP_IRQHandler
                0x08000a60                ETH_WKUP_IRQHandler
                0x08000a60                SPI2_IRQHandler
                0x08000a60                OTG_HS_EP1_IN_IRQHandler
                0x08000a60                DMA1_Stream0_IRQHandler
                0x08000a60                CAN1_TX_IRQHandler
                0x08000a60                EXTI4_IRQHandler
                0x08000a60                FSMC_IRQHandler
                0x08000a60                ETH_IRQHandler
                0x08000a60                OTG_HS_EP1_OUT_IRQHandler
                0x08000a60                WWDG_IRQHandler
                0x08000a60                TIM2_IRQHandler
                0x08000a60                OTG_FS_WKUP_IRQHandler
                0x08000a60                TIM1_TRG_COM_TIM11_IRQHandler
                0x08000a60                OTG_HS_IRQHandler
                0x08000a60                EXTI1_IRQHandler
                0x08000a60                USART2_IRQHandler
                0x08000a60                I2C2_ER_IRQHandler
                0x08000a60                DMA2_Stream1_IRQHandler
                0x08000a60                CAN1_SCE_IRQHandler
                0x08000a60                FLASH_IRQHandler
                0x08000a60                DMA2_Stream4_IRQHandler
                0x08000a60                USART1_IRQHandler
                0x08000a60                OTG_FS_IRQHandler
                0x08000a60                SPI3_IRQHandler
                0x08000a60                DMA1_Stream4_IRQHandler
                0x08000a60                I2C1_ER_IRQHandler
                0x08000a60                DMA2_Stream6_IRQHandler
                0x08000a60                DMA1_Stream3_IRQHandler
 *fill*         0x08000a62        0x2 
 .text.SystemInit
                0x08000a64       0x4c Drivers/CMSIS/Device/ST/STM32F4xx/Source/Templates/system_stm32f4xx.o
                0x08000a64                SystemInit
 .text.HAL_InitTick
                0x08000ab0       0x28 Drivers/STM32F4xx_HAL_Driver/Src/stm32f4xx_hal.o
                0x08000ab0                HAL_InitTick
 .text.HAL_Init
                0x08000ad8       0x34 Drivers/STM32F4xx_HAL_Driver/Src/stm32f4xx_hal.o
                0x08000ad8                HAL_Init
 .text.HAL_IncTick
                0x08000b0c       0x10 Drivers/STM32F4xx_HAL_Driver/Src/stm32f4xx_hal.o
                0x08000b0c                HAL_IncTick
 .text.HAL_GetTick
                0x08000b1c        0xc Drivers/STM32F4xx_HAL_Driver/Src/stm32f4xx_hal.o
                0x08000b1c                HAL_GetTick
 .text.HAL_Delay
                0x08000b28       0x1a Drivers/STM32F4xx_HAL_Driver/Src/stm32f4xx_hal.o
                0x08000b28                HAL_Delay
 *fill*         0x08000b42        0x2 
 .text.HAL_NVIC_SetPriorityGrouping
                0x08000b44       0x38 Drivers/STM32F4xx_HAL_Driver/Src/stm32f4xx_hal_cortex.o
                0x08000b44                HAL_NVIC_SetPriorityGrouping
 .text.HAL_NVIC_SetPriority
                0x08000b7c       0x88 Drivers/STM32F4xx_HAL_Driver/Src/stm32f4xx_hal_cortex.o
                0x08000b7c                HAL_NVIC_SetPriority
 .text.HAL_SYSTICK_Config
                0x08000c04       0x2c Drivers/STM32F4xx_HAL_Driver/Src/stm32f4xx_hal_cortex.o
                0x08000c04                HAL_SYSTICK_Config
 .text.HAL_SYSTICK_CLKSourceConfig
                0x08000c30       0x30 Drivers/STM32F4xx_HAL_Driver/Src/stm32f4xx_hal_cortex.o
                0x08000c30                HAL_SYSTICK_CLKSourceConfig
 .text.HAL_SYSTICK_Callback
                0x08000c60        0x2 Drivers/STM32F4xx_HAL_Driver/Src/stm32f4xx_hal_cortex.o
                0x08000c60                HAL_SYSTICK_Callback
 .text.HAL_SYSTICK_IRQHandler
                0x08000c62        0x8 Drivers/STM32F4xx_HAL_Driver/Src/stm32f4xx_hal_cortex.o
                0x08000c62                HAL_SYSTICK_IRQHandler
 *fill*         0x08000c6a        0x2 
 .text.HAL_GPIO_Init
                0x08000c6c      0x280 Drivers/STM32F4xx_HAL_Driver/Src/stm32f4xx_hal_gpio.o
                0x08000c6c                HAL_GPIO_Init
 .text.HAL_GPIO_WritePin
                0x08000eec       0x30 Drivers/STM32F4xx_HAL_Driver/Src/stm32f4xx_hal_gpio.o
                0x08000eec                HAL_GPIO_WritePin
 .text.I2C_IsAcknowledgeFailed
                0x08000f1c       0x2a Drivers/STM32F4xx_HAL_Driver/Src/stm32f4xx_hal_i2c.o
 .text.I2C_WaitOnMasterAddressFlagUntilTimeout
                0x08000f46       0x82 Drivers/STM32F4xx_HAL_Driver/Src/stm32f4xx_hal_i2c.o
 .text.I2C_WaitOnFlagUntilTimeout
                0x08000fc8       0x5e Drivers/STM32F4xx_HAL_Driver/Src/stm32f4xx_hal_i2c.o
 .text.I2C_WaitOnTXEFlagUntilTimeout
                0x08001026       0x4c Drivers/STM32F4xx_HAL_Driver/Src/stm32f4xx_hal_i2c.o
 *fill*         0x08001072        0x2 
 .text.I2C_RequestMemoryWrite
                0x08001074       0xa0 Drivers/STM32F4xx_HAL_Driver/Src/stm32f4xx_hal_i2c.o
 .text.I2C_RequestMemoryRead
                0x08001114       0xf0 Drivers/STM32F4xx_HAL_Driver/Src/stm32f4xx_hal_i2c.o
 .text.I2C_WaitOnRXNEFlagUntilTimeout
                0x08001204       0x5a Drivers/STM32F4xx_HAL_Driver/Src/stm32f4xx_hal_i2c.o
 .text.I2C_WaitOnBTFFlagUntilTimeout
                0x0800125e       0x4c Drivers/STM32F4xx_HAL_Driver/Src/stm32f4xx_hal_i2c.o
 *fill*         0x080012aa        0x2 
 .text.HAL_I2C_Init
                0x080012ac      0x1a8 Drivers/STM32F4xx_HAL_Driver/Src/stm32f4xx_hal_i2c.o
                0x080012ac                HAL_I2C_Init
 .text.HAL_I2C_Mem_Write
                0x08001454      0x148 Drivers/STM32F4xx_HAL_Driver/Src/stm32f4xx_hal_i2c.o
                0x08001454                HAL_I2C_Mem_Write
 .text.HAL_I2C_Mem_Read
                0x0800159c      0x238 Drivers/STM32F4xx_HAL_Driver/Src/stm32f4xx_hal_i2c.o
                0x0800159c                HAL_I2C_Mem_Read
 .text.HAL_RCC_OscConfig
                0x080017d4      0x3c0 Drivers/STM32F4xx_HAL_Driver/Src/stm32f4xx_hal_rcc.o
                0x080017d4                HAL_RCC_OscConfig
 .text.HAL_RCC_GetSysClockFreq
                0x08001b94       0x7c Drivers/STM32F4xx_HAL_Driver/Src/stm32f4xx_hal_rcc.o
                0x08001b94                HAL_RCC_GetSysClockFreq
 .text.HAL_RCC_ClockConfig
                0x08001c10      0x214 Drivers/STM32F4xx_HAL_Driver/Src/stm32f4xx_hal_rcc.o
                0x08001c10                HAL_RCC_ClockConfig
 .text.HAL_RCC_GetHCLKFreq
                0x08001e24        0xc Drivers/STM32F4xx_HAL_Driver/Src/stm32f4xx_hal_rcc.o
                0x08001e24                HAL_RCC_GetHCLKFreq
 .text.HAL_RCC_GetPCLK1Freq
                0x08001e30       0x30 Drivers/STM32F4xx_HAL_Driver/Src/stm32f4xx_hal_rcc.o
                0x08001e30                HAL_RCC_GetPCLK1Freq
 .text.HAL_RNG_Init
                0x08001e60       0x3e Drivers/STM32F4xx_HAL_Driver/Src/stm32f4xx_hal_rng.o
                0x08001e60                HAL_RNG_Init
 .text.SPI_WaitFlagStateUntilTimeout
                0x08001e9e       0x8e Drivers/STM32F4xx_HAL_Driver/Src/stm32f4xx_hal_spi.o
 .text.SPI_CheckFlag_BSY
                0x08001f2c       0x20 Drivers/STM32F4xx_HAL_Driver/Src/stm32f4xx_hal_spi.o
 .text.HAL_SPI_Init
                0x08001f4c      0x160 Drivers/STM32F4xx_HAL_Driver/Src/stm32f4xx_hal_spi.o
                0x08001f4c                HAL_SPI_Init
 .text.HAL_SPI_Transmit
                0x080020ac      0x170 Drivers/STM32F4xx_HAL_Driver/Src/stm32f4xx_hal_spi.o
                0x080020ac                HAL_SPI_Transmit
 .text.MX_GPIO_Init
                0x0800221c       0xb0 Src/gpio.o
                0x0800221c                MX_GPIO_Init
 .text.MX_I2C2_Init
                0x080022cc       0x40 Src/i2c.o
                0x080022cc                MX_I2C2_Init
 .text.HAL_I2C_MspInit
                0x0800230c       0x54 Src/i2c.o
                0x0800230c                HAL_I2C_MspInit
 .text.LCD5110_wputchar
                0x08002360       0x60 Src/lcd5110.o
                0x08002360                LCD5110_wputchar
 .text.LCD5110_wputstr
                0x080023c0       0x2e Src/lcd5110.o
                0x080023c0                LCD5110_wputstr
 .text.LCD5110_wputint
                0x080023ee       0x28 Src/lcd5110.o
                0x080023ee                LCD5110_wputint
 .text.LCD5110_putint
                0x08002416       0x18 Src/lcd5110.o
                0x08002416                LCD5110_putint
 .text.LCD5110_wset_cursor
                0x0800242e        0x6 Src/lcd5110.o
                0x0800242e                LCD5110_wset_cursor
 .text.LCD5110_wendl
                0x08002434       0x16 Src/lcd5110.o
                0x08002434                LCD5110_wendl
 *fill*         0x0800244a        0x2 
 .text.LCD5110_wprint
                0x0800244c       0x80 Src/lcd5110.o
                0x0800244c                LCD5110_wprint
 .text.LCD5110_clrscr
                0x080024cc       0x14 Src/lcd5110_hal.o
                0x080024cc                LCD5110_clrscr
 .text.LCD5110_putpix
                0x080024e0       0x30 Src/lcd5110_hal.o
                0x080024e0                LCD5110_putpix
 .text.LCD5110_drawBitmap
                0x08002510       0x74 Src/lcd5110_hal.o
                0x08002510                LCD5110_drawBitmap
 .text.LCD5110_DC_off
                0x08002584        0xa Src/lcd5110_ll.o
 .text.LCD5110_DC_on
                0x0800258e        0xa Src/lcd5110_ll.o
 .text.send_byte_to_LCD5110.isra.1
                0x08002598       0x1a Src/lcd5110_ll.o
 .text.LCD5110_init
                0x080025b2       0xa0 Src/lcd5110_ll.o
                0x080025b2                LCD5110_init
 .text.LCD5110_refresh_ll
                0x08002652       0x40 Src/lcd5110_ll.o
                0x08002652                LCD5110_refresh_ll
 .text.CalculateTempBAR
                0x08002692       0x24 Src/main.o
                0x08002692                CalculateTempBAR
 *fill*         0x080026b6        0x2 
 .text.CalculatePressBAR
                0x080026b8       0xc8 Src/main.o
                0x080026b8                CalculatePressBAR
 .text.Draw_temperature_values
                0x08002780       0xc8 Src/main.o
                0x08002780                Draw_temperature_values
 .text.Draw_pressure_values
                0x08002848       0xd4 Src/main.o
                0x08002848                Draw_pressure_values
 .text.Draw_spec_screen_one
                0x0800291c       0x74 Src/main.o
                0x0800291c                Draw_spec_screen_one
 .text.Draw_gas_animation
                0x08002990       0x60 Src/main.o
                0x08002990                Draw_gas_animation
 .text.Draw_gas_values_
                0x080029f0       0x40 Src/main.o
                0x080029f0                Draw_gas_values_
 .text.Draw_spec_screen_two
                0x08002a30       0x20 Src/main.o
                0x08002a30                Draw_spec_screen_two
 .text.FullfillDataArrays
                0x08002a50       0x60 Src/main.o
                0x08002a50                FullfillDataArrays
 .text.SystemClock_Config
                0x08002ab0       0xac Src/main.o
                0x08002ab0                SystemClock_Config
 .text.startup.main
                0x08002b5c      0x124 Src/main.o
                0x08002b5c                main
 .text.Error_Handler
                0x08002c80        0x2 Src/main.o
                0x08002c80                Error_Handler
 .text.assert_failed
                0x08002c82        0x2 Src/main.o
                0x08002c82                assert_failed
 .text.MX_RNG_Init
                0x08002c84       0x20 Src/rng.o
                0x08002c84                MX_RNG_Init
 .text.HAL_RNG_MspInit
                0x08002ca4       0x30 Src/rng.o
                0x08002ca4                HAL_RNG_MspInit
 .text.MX_SPI2_Init
                0x08002cd4       0x44 Src/spi.o
                0x08002cd4                MX_SPI2_Init
 .text.HAL_SPI_MspInit
                0x08002d18       0x50 Src/spi.o
                0x08002d18                HAL_SPI_MspInit
 .text.HAL_MspInit
                0x08002d68       0x60 Src/stm32f4xx_hal_msp.o
                0x08002d68                HAL_MspInit
 .text.NMI_Handler
                0x08002dc8        0x2 Src/stm32f4xx_it.o
                0x08002dc8                NMI_Handler
 .text.HardFault_Handler
                0x08002dca        0x2 Src/stm32f4xx_it.o
                0x08002dca                HardFault_Handler
 .text.MemManage_Handler
                0x08002dcc        0x2 Src/stm32f4xx_it.o
                0x08002dcc                MemManage_Handler
 .text.BusFault_Handler
                0x08002dce        0x2 Src/stm32f4xx_it.o
                0x08002dce                BusFault_Handler
 .text.UsageFault_Handler
                0x08002dd0        0x2 Src/stm32f4xx_it.o
                0x08002dd0                UsageFault_Handler
 .text.SVC_Handler
                0x08002dd2        0x2 Src/stm32f4xx_it.o
                0x08002dd2                SVC_Handler
 .text.DebugMon_Handler
                0x08002dd4        0x2 Src/stm32f4xx_it.o
                0x08002dd4                DebugMon_Handler
 .text.PendSV_Handler
                0x08002dd6        0x2 Src/stm32f4xx_it.o
                0x08002dd6                PendSV_Handler
 .text.SysTick_Handler
                0x08002dd8        0xe Src/stm32f4xx_it.o
                0x08002dd8                SysTick_Handler
 *fill*         0x08002de6        0x2 
 .text.__libc_init_array
                0x08002de8       0x4c f:/ac6/system workbench/plugins/fr.ac6.mcu.externaltools.arm-none.win32_1.7.0.201602121829/tools/compiler/bin/../lib/gcc/arm-none-eabi/5.2.1/../../../../arm-none-eabi/lib/armv7e-m/fpu\libc_nano.a(lib_a-init.o)
                0x08002de8                __libc_init_array
 .text.__itoa   0x08002e34       0x2e f:/ac6/system workbench/plugins/fr.ac6.mcu.externaltools.arm-none.win32_1.7.0.201602121829/tools/compiler/bin/../lib/gcc/arm-none-eabi/5.2.1/../../../../arm-none-eabi/lib/armv7e-m/fpu\libc_nano.a(lib_a-itoa.o)
                0x08002e34                __itoa
 .text.itoa     0x08002e62        0x4 f:/ac6/system workbench/plugins/fr.ac6.mcu.externaltools.arm-none.win32_1.7.0.201602121829/tools/compiler/bin/../lib/gcc/arm-none-eabi/5.2.1/../../../../arm-none-eabi/lib/armv7e-m/fpu\libc_nano.a(lib_a-itoa.o)
                0x08002e62                itoa
 *fill*         0x08002e66        0x2 
 .text.__utoa   0x08002e68       0x78 f:/ac6/system workbench/plugins/fr.ac6.mcu.externaltools.arm-none.win32_1.7.0.201602121829/tools/compiler/bin/../lib/gcc/arm-none-eabi/5.2.1/../../../../arm-none-eabi/lib/armv7e-m/fpu\libc_nano.a(lib_a-utoa.o)
                0x08002e68                __utoa
 *(.glue_7)
 .glue_7        0x08002ee0        0x0 linker stubs
 *(.glue_7t)
 .glue_7t       0x08002ee0        0x0 linker stubs
 *(.eh_frame)
 .eh_frame      0x08002ee0        0x0 f:/ac6/system workbench/plugins/fr.ac6.mcu.externaltools.arm-none.win32_1.7.0.201602121829/tools/compiler/bin/../lib/gcc/arm-none-eabi/5.2.1/armv7e-m/fpu/crtbegin.o
 *(.init)
 .init          0x08002ee0        0x4 f:/ac6/system workbench/plugins/fr.ac6.mcu.externaltools.arm-none.win32_1.7.0.201602121829/tools/compiler/bin/../lib/gcc/arm-none-eabi/5.2.1/armv7e-m/fpu/crti.o
                0x08002ee0                _init
 .init          0x08002ee4        0x8 f:/ac6/system workbench/plugins/fr.ac6.mcu.externaltools.arm-none.win32_1.7.0.201602121829/tools/compiler/bin/../lib/gcc/arm-none-eabi/5.2.1/armv7e-m/fpu/crtn.o
 *(.fini)
 .fini          0x08002eec        0x4 f:/ac6/system workbench/plugins/fr.ac6.mcu.externaltools.arm-none.win32_1.7.0.201602121829/tools/compiler/bin/../lib/gcc/arm-none-eabi/5.2.1/armv7e-m/fpu/crti.o
                0x08002eec                _fini
 .fini          0x08002ef0        0x8 f:/ac6/system workbench/plugins/fr.ac6.mcu.externaltools.arm-none.win32_1.7.0.201602121829/tools/compiler/bin/../lib/gcc/arm-none-eabi/5.2.1/armv7e-m/fpu/crtn.o
                0x08002ef8                . = ALIGN (0x4)
                0x08002ef8                _etext = .

.vfp11_veneer   0x08002ef8        0x0
 .vfp11_veneer  0x08002ef8        0x0 linker stubs

.v4_bx          0x08002ef8        0x0
 .v4_bx         0x08002ef8        0x0 linker stubs

.iplt           0x08002ef8        0x0
 .iplt          0x08002ef8        0x0 f:/ac6/system workbench/plugins/fr.ac6.mcu.externaltools.arm-none.win32_1.7.0.201602121829/tools/compiler/bin/../lib/gcc/arm-none-eabi/5.2.1/armv7e-m/fpu/crtbegin.o

.rodata         0x08002ef8      0xdfc
                0x08002ef8                . = ALIGN (0x4)
 *(.rodata)
 .rodata        0x08002ef8       0x10 Drivers/STM32F4xx_HAL_Driver/Src/stm32f4xx_hal_rcc.o
                0x08002ef8                APBAHBPrescTable
 .rodata        0x08002f08      0x60e Src/lcd5110.o
                0x08003508                lcd5110_def_scr
 *fill*         0x08003516        0x2 
 .rodata        0x08003518      0x584 Src/main.o
                0x08003518                Thermometer
                0x08003538                Pressure
                0x08003558                Barometer
                0x08003578                Gas_1
                0x08003598                Gas_2
                0x080035b8                barRegisters
                0x080035e4                babe
                0x080037dc                Bender
                0x080039d4                smile
 *(.rodata*)
 .rodata.str1.1
                0x08003a9c       0x3b Drivers/STM32F4xx_HAL_Driver/Src/stm32f4xx_hal_cortex.o
 .rodata.str1.1
                0x08003ad7       0x39 Drivers/STM32F4xx_HAL_Driver/Src/stm32f4xx_hal_gpio.o
 .rodata.str1.1
                0x08003b10       0x38 Drivers/STM32F4xx_HAL_Driver/Src/stm32f4xx_hal_i2c.o
 .rodata.str1.1
                0x08003b48       0x38 Drivers/STM32F4xx_HAL_Driver/Src/stm32f4xx_hal_rcc.o
 .rodata.str1.1
                0x08003b80       0x38 Drivers/STM32F4xx_HAL_Driver/Src/stm32f4xx_hal_spi.o
 .rodata.str1.1
                0x08003bb8       0x15 Src/main.o
 .rodata._ctype_
                0x08003bcd      0x101 f:/ac6/system workbench/plugins/fr.ac6.mcu.externaltools.arm-none.win32_1.7.0.201602121829/tools/compiler/bin/../lib/gcc/arm-none-eabi/5.2.1/../../../../arm-none-eabi/lib/armv7e-m/fpu\libc_nano.a(lib_a-ctype_.o)
                0x08003bcd                _ctype_
 .rodata.str1.1
                0x08003cce       0x25 f:/ac6/system workbench/plugins/fr.ac6.mcu.externaltools.arm-none.win32_1.7.0.201602121829/tools/compiler/bin/../lib/gcc/arm-none-eabi/5.2.1/../../../../arm-none-eabi/lib/armv7e-m/fpu\libc_nano.a(lib_a-utoa.o)
                0x08003cf4                . = ALIGN (0x4)
 *fill*         0x08003cf3        0x1 

.rel.dyn        0x08003cf4        0x0
 .rel.iplt      0x08003cf4        0x0 f:/ac6/system workbench/plugins/fr.ac6.mcu.externaltools.arm-none.win32_1.7.0.201602121829/tools/compiler/bin/../lib/gcc/arm-none-eabi/5.2.1/armv7e-m/fpu/crtbegin.o

.ARM.extab
 *(.ARM.extab* .gnu.linkonce.armextab.*)

.ARM            0x08003cf4        0x0
                0x08003cf4                __exidx_start = .
 *(.ARM.exidx*)
                0x08003cf4                __exidx_end = .

.preinit_array  0x08003cf4        0x0
                0x08003cf4                PROVIDE (__preinit_array_start, .)
 *(.preinit_array*)
                0x08003cf4                PROVIDE (__preinit_array_end, .)

.init_array     0x08003cf4        0x4
                0x08003cf4                PROVIDE (__init_array_start, .)
 *(SORT(.init_array.*))
 *(.init_array*)
 .init_array    0x08003cf4        0x4 f:/ac6/system workbench/plugins/fr.ac6.mcu.externaltools.arm-none.win32_1.7.0.201602121829/tools/compiler/bin/../lib/gcc/arm-none-eabi/5.2.1/armv7e-m/fpu/crtbegin.o
                0x08003cf8                PROVIDE (__init_array_end, .)

.fini_array     0x08003cf8        0x4
                [!provide]                PROVIDE (__fini_array_start, .)
 *(SORT(.fini_array.*))
 *(.fini_array*)
 .fini_array    0x08003cf8        0x4 f:/ac6/system workbench/plugins/fr.ac6.mcu.externaltools.arm-none.win32_1.7.0.201602121829/tools/compiler/bin/../lib/gcc/arm-none-eabi/5.2.1/armv7e-m/fpu/crtbegin.o
                [!provide]                PROVIDE (__fini_array_end, .)
                0x08003cfc                _sidata = LOADADDR (.data)

.data           0x20000000        0x8 load address 0x08003cfc
                0x20000000                . = ALIGN (0x4)
                0x20000000                _sdata = .
 *(.data)
 .data          0x20000000        0x4 Drivers/CMSIS/Device/ST/STM32F4xx/Source/Templates/system_stm32f4xx.o
                0x20000000                SystemCoreClock
 *(.data*)
 .data.__ctype_ptr__
                0x20000004        0x4 f:/ac6/system workbench/plugins/fr.ac6.mcu.externaltools.arm-none.win32_1.7.0.201602121829/tools/compiler/bin/../lib/gcc/arm-none-eabi/5.2.1/../../../../arm-none-eabi/lib/armv7e-m/fpu\libc_nano.a(lib_a-ctype_.o)
                0x20000004                __ctype_ptr__
                0x20000008                . = ALIGN (0x4)
                0x20000008                _edata = .
                0x08003d04                _siccmram = LOADADDR (.ccmram)

.jcr            0x20000008        0x0 load address 0x08003d04
 .jcr           0x20000008        0x0 f:/ac6/system workbench/plugins/fr.ac6.mcu.externaltools.arm-none.win32_1.7.0.201602121829/tools/compiler/bin/../lib/gcc/arm-none-eabi/5.2.1/armv7e-m/fpu/crtbegin.o

.tm_clone_table
                0x20000008        0x0 load address 0x08003d04
 .tm_clone_table
                0x20000008        0x0 f:/ac6/system workbench/plugins/fr.ac6.mcu.externaltools.arm-none.win32_1.7.0.201602121829/tools/compiler/bin/../lib/gcc/arm-none-eabi/5.2.1/armv7e-m/fpu/crtbegin.o
 .tm_clone_table
                0x20000008        0x0 f:/ac6/system workbench/plugins/fr.ac6.mcu.externaltools.arm-none.win32_1.7.0.201602121829/tools/compiler/bin/../lib/gcc/arm-none-eabi/5.2.1/armv7e-m/fpu/crtend.o

.igot.plt       0x20000008        0x0 load address 0x08003d04
 .igot.plt      0x20000008        0x0 f:/ac6/system workbench/plugins/fr.ac6.mcu.externaltools.arm-none.win32_1.7.0.201602121829/tools/compiler/bin/../lib/gcc/arm-none-eabi/5.2.1/armv7e-m/fpu/crtbegin.o

.ccmram         0x10000000        0x0 load address 0x08003d04
                0x10000000                . = ALIGN (0x4)
                0x10000000                _sccmram = .
 *(.ccmram)
 *(.ccmram*)
                0x10000000                . = ALIGN (0x4)
                0x10000000                _eccmram = .
                0x10000000                . = ALIGN (0x4)

.bss            0x20000008      0x314
                0x20000008                _sbss = .
                0x20000008                __bss_start__ = _sbss
 *(.bss)
 .bss           0x20000008       0x1c f:/ac6/system workbench/plugins/fr.ac6.mcu.externaltools.arm-none.win32_1.7.0.201602121829/tools/compiler/bin/../lib/gcc/arm-none-eabi/5.2.1/armv7e-m/fpu/crtbegin.o
 .bss           0x20000024       0x16 Src/main.o
                0x20000024                AC1
                0x20000026                AC3
                0x20000028                B1
                0x2000002a                AC4
                0x2000002c                AC2
                0x2000002e                B2
                0x20000030                MB
                0x20000032                MC
                0x20000034                MD
                0x20000036                AC5
                0x20000038                AC6
 *(.bss*)
 *(COMMON)
 *fill*         0x2000003a        0x2 
 COMMON         0x2000003c        0x4 Drivers/STM32F4xx_HAL_Driver/Src/stm32f4xx_hal.o
                0x2000003c                uwTick
 COMMON         0x20000040       0x54 Src/i2c.o
                0x20000040                hi2c2
 COMMON         0x20000094      0x224 Src/main.o
                0x20000094                lcd1
 COMMON         0x200002b8        0xc Src/rng.o
                0x200002b8                hrng
 COMMON         0x200002c4       0x58 Src/spi.o
                0x200002c4                hspi2
                0x2000031c                . = ALIGN (0x4)
                0x2000031c                _ebss = .
                0x2000031c                __bss_end__ = _ebss

._user_heap_stack
                0x2000031c      0x604
                0x20000320                . = ALIGN (0x8)
 *fill*         0x2000031c        0x4 
                0x20000320                PROVIDE (end, .)
                [!provide]                PROVIDE (_end, .)
                0x20000520                . = (. + _Min_Heap_Size)
 *fill*         0x20000320      0x200 
                0x20000920                . = (. + _Min_Stack_Size)
 *fill*         0x20000520      0x400 
                0x20000920                . = ALIGN (0x8)

/DISCARD/
 libc.a(*)
 libm.a(*)
 libgcc.a(*)

.ARM.attributes
                0x00000000       0x30
 *(.ARM.attributes)
 .ARM.attributes
                0x00000000       0x22 f:/ac6/system workbench/plugins/fr.ac6.mcu.externaltools.arm-none.win32_1.7.0.201602121829/tools/compiler/bin/../lib/gcc/arm-none-eabi/5.2.1/armv7e-m/fpu/crti.o
 .ARM.attributes
                0x00000022       0x34 f:/ac6/system workbench/plugins/fr.ac6.mcu.externaltools.arm-none.win32_1.7.0.201602121829/tools/compiler/bin/../lib/gcc/arm-none-eabi/5.2.1/armv7e-m/fpu/crtbegin.o
 .ARM.attributes
                0x00000056       0x21 Drivers/CMSIS/Device/ST/STM32F4xx/Source/Templates/gcc/startup_stm32f407xx.o
 .ARM.attributes
                0x00000077       0x39 Drivers/CMSIS/Device/ST/STM32F4xx/Source/Templates/system_stm32f4xx.o
 .ARM.attributes
                0x000000b0       0x39 Drivers/STM32F4xx_HAL_Driver/Src/stm32f4xx_hal.o
 .ARM.attributes
                0x000000e9       0x39 Drivers/STM32F4xx_HAL_Driver/Src/stm32f4xx_hal_cortex.o
 .ARM.attributes
                0x00000122       0x39 Drivers/STM32F4xx_HAL_Driver/Src/stm32f4xx_hal_gpio.o
 .ARM.attributes
                0x0000015b       0x39 Drivers/STM32F4xx_HAL_Driver/Src/stm32f4xx_hal_i2c.o
 .ARM.attributes
                0x00000194       0x39 Drivers/STM32F4xx_HAL_Driver/Src/stm32f4xx_hal_rcc.o
 .ARM.attributes
                0x000001cd       0x39 Drivers/STM32F4xx_HAL_Driver/Src/stm32f4xx_hal_rng.o
 .ARM.attributes
                0x00000206       0x39 Drivers/STM32F4xx_HAL_Driver/Src/stm32f4xx_hal_spi.o
 .ARM.attributes
                0x0000023f       0x39 Src/gpio.o
 .ARM.attributes
                0x00000278       0x39 Src/i2c.o
 .ARM.attributes
                0x000002b1       0x39 Src/lcd5110.o
 .ARM.attributes
                0x000002ea       0x39 Src/lcd5110_hal.o
 .ARM.attributes
                0x00000323       0x39 Src/lcd5110_ll.o
 .ARM.attributes
                0x0000035c       0x39 Src/main.o
 .ARM.attributes
                0x00000395       0x39 Src/rng.o
 .ARM.attributes
                0x000003ce       0x39 Src/spi.o
 .ARM.attributes
                0x00000407       0x39 Src/stm32f4xx_hal_msp.o
 .ARM.attributes
                0x00000440       0x39 Src/stm32f4xx_it.o
 .ARM.attributes
                0x00000479       0x22 f:/ac6/system workbench/plugins/fr.ac6.mcu.externaltools.arm-none.win32_1.7.0.201602121829/tools/compiler/bin/../lib/gcc/arm-none-eabi/5.2.1/armv7e-m/fpu\libgcc.a(_arm_addsubdf3.o)
 .ARM.attributes
                0x0000049b       0x22 f:/ac6/system workbench/plugins/fr.ac6.mcu.externaltools.arm-none.win32_1.7.0.201602121829/tools/compiler/bin/../lib/gcc/arm-none-eabi/5.2.1/armv7e-m/fpu\libgcc.a(_arm_muldivdf3.o)
 .ARM.attributes
                0x000004bd       0x22 f:/ac6/system workbench/plugins/fr.ac6.mcu.externaltools.arm-none.win32_1.7.0.201602121829/tools/compiler/bin/../lib/gcc/arm-none-eabi/5.2.1/armv7e-m/fpu\libgcc.a(_arm_fixdfsi.o)
 .ARM.attributes
                0x000004df       0x34 f:/ac6/system workbench/plugins/fr.ac6.mcu.externaltools.arm-none.win32_1.7.0.201602121829/tools/compiler/bin/../lib/gcc/arm-none-eabi/5.2.1/../../../../arm-none-eabi/lib/armv7e-m/fpu\libc_nano.a(lib_a-ctype_.o)
 .ARM.attributes
                0x00000513       0x34 f:/ac6/system workbench/plugins/fr.ac6.mcu.externaltools.arm-none.win32_1.7.0.201602121829/tools/compiler/bin/../lib/gcc/arm-none-eabi/5.2.1/../../../../arm-none-eabi/lib/armv7e-m/fpu\libc_nano.a(lib_a-init.o)
 .ARM.attributes
                0x00000547       0x34 f:/ac6/system workbench/plugins/fr.ac6.mcu.externaltools.arm-none.win32_1.7.0.201602121829/tools/compiler/bin/../lib/gcc/arm-none-eabi/5.2.1/../../../../arm-none-eabi/lib/armv7e-m/fpu\libc_nano.a(lib_a-itoa.o)
 .ARM.attributes
                0x0000057b       0x34 f:/ac6/system workbench/plugins/fr.ac6.mcu.externaltools.arm-none.win32_1.7.0.201602121829/tools/compiler/bin/../lib/gcc/arm-none-eabi/5.2.1/../../../../arm-none-eabi/lib/armv7e-m/fpu\libc_nano.a(lib_a-utoa.o)
 .ARM.attributes
                0x000005af       0x34 f:/ac6/system workbench/plugins/fr.ac6.mcu.externaltools.arm-none.win32_1.7.0.201602121829/tools/compiler/bin/../lib/gcc/arm-none-eabi/5.2.1/armv7e-m/fpu/crtend.o
 .ARM.attributes
                0x000005e3       0x22 f:/ac6/system workbench/plugins/fr.ac6.mcu.externaltools.arm-none.win32_1.7.0.201602121829/tools/compiler/bin/../lib/gcc/arm-none-eabi/5.2.1/armv7e-m/fpu/crtn.o
OUTPUT(LCD_NOKIA_5110_team_project.elf elf32-littlearm)

.debug_line     0x00000000     0xc0a9
 .debug_line    0x00000000       0xae Drivers/CMSIS/Device/ST/STM32F4xx/Source/Templates/gcc/startup_stm32f407xx.o
 .debug_line    0x000000ae      0x80e Drivers/CMSIS/Device/ST/STM32F4xx/Source/Templates/system_stm32f4xx.o
 .debug_line    0x000008bc      0x93e Drivers/STM32F4xx_HAL_Driver/Src/stm32f4xx_hal.o
 .debug_line    0x000011fa      0xa53 Drivers/STM32F4xx_HAL_Driver/Src/stm32f4xx_hal_cortex.o
 .debug_line    0x00001c4d      0xa6d Drivers/STM32F4xx_HAL_Driver/Src/stm32f4xx_hal_gpio.o
 .debug_line    0x000026ba     0x1d65 Drivers/STM32F4xx_HAL_Driver/Src/stm32f4xx_hal_i2c.o
 .debug_line    0x0000441f      0xba4 Drivers/STM32F4xx_HAL_Driver/Src/stm32f4xx_hal_rcc.o
 .debug_line    0x00004fc3      0x928 Drivers/STM32F4xx_HAL_Driver/Src/stm32f4xx_hal_rng.o
 .debug_line    0x000058eb     0x1031 Drivers/STM32F4xx_HAL_Driver/Src/stm32f4xx_hal_spi.o
 .debug_line    0x0000691c      0x7c6 Src/gpio.o
 .debug_line    0x000070e2      0x7f3 Src/i2c.o
 .debug_line    0x000078d5      0xbb3 Src/lcd5110.o
 .debug_line    0x00008488      0x8fb Src/lcd5110_hal.o
 .debug_line    0x00008d83      0x8e8 Src/lcd5110_ll.o
 .debug_line    0x0000966b      0xaa9 Src/main.o
 .debug_line    0x0000a114      0x7d3 Src/rng.o
 .debug_line    0x0000a8e7      0x7fe Src/spi.o
 .debug_line    0x0000b0e5      0x7b6 Src/stm32f4xx_hal_msp.o
 .debug_line    0x0000b89b      0x80e Src/stm32f4xx_it.o

.debug_info     0x00000000    0x10075
 .debug_info    0x00000000       0xad Drivers/CMSIS/Device/ST/STM32F4xx/Source/Templates/gcc/startup_stm32f407xx.o
 .debug_info    0x000000ad      0x4b0 Drivers/CMSIS/Device/ST/STM32F4xx/Source/Templates/system_stm32f4xx.o
 .debug_info    0x0000055d      0x8e0 Drivers/STM32F4xx_HAL_Driver/Src/stm32f4xx_hal.o
 .debug_info    0x00000e3d     0x10ff Drivers/STM32F4xx_HAL_Driver/Src/stm32f4xx_hal_cortex.o
 .debug_info    0x00001f3c      0x884 Drivers/STM32F4xx_HAL_Driver/Src/stm32f4xx_hal_gpio.o
 .debug_info    0x000027c0     0x3099 Drivers/STM32F4xx_HAL_Driver/Src/stm32f4xx_hal_i2c.o
 .debug_info    0x00005859      0xf20 Drivers/STM32F4xx_HAL_Driver/Src/stm32f4xx_hal_rcc.o
 .debug_info    0x00006779      0x4ed Drivers/STM32F4xx_HAL_Driver/Src/stm32f4xx_hal_rng.o
 .debug_info    0x00006c66     0x1a41 Drivers/STM32F4xx_HAL_Driver/Src/stm32f4xx_hal_spi.o
 .debug_info    0x000086a7      0x495 Src/gpio.o
 .debug_info    0x00008b3c      0x9a5 Src/i2c.o
 .debug_info    0x000094e1     0x18fa Src/lcd5110.o
 .debug_info    0x0000addb      0xba0 Src/lcd5110_hal.o
 .debug_info    0x0000b97b     0x1238 Src/lcd5110_ll.o
 .debug_info    0x0000cbb3     0x21e0 Src/main.o
 .debug_info    0x0000ed93      0x43b Src/rng.o
 .debug_info    0x0000f1ce      0x96d Src/spi.o
 .debug_info    0x0000fb3b      0x3f4 Src/stm32f4xx_hal_msp.o
 .debug_info    0x0000ff2f      0x146 Src/stm32f4xx_it.o

.debug_abbrev   0x00000000     0x29d9
 .debug_abbrev  0x00000000       0x12 Drivers/CMSIS/Device/ST/STM32F4xx/Source/Templates/gcc/startup_stm32f407xx.o
 .debug_abbrev  0x00000012      0x104 Drivers/CMSIS/Device/ST/STM32F4xx/Source/Templates/system_stm32f4xx.o
 .debug_abbrev  0x00000116      0x247 Drivers/STM32F4xx_HAL_Driver/Src/stm32f4xx_hal.o
 .debug_abbrev  0x0000035d      0x34d Drivers/STM32F4xx_HAL_Driver/Src/stm32f4xx_hal_cortex.o
 .debug_abbrev  0x000006aa      0x202 Drivers/STM32F4xx_HAL_Driver/Src/stm32f4xx_hal_gpio.o
 .debug_abbrev  0x000008ac      0x339 Drivers/STM32F4xx_HAL_Driver/Src/stm32f4xx_hal_i2c.o
 .debug_abbrev  0x00000be5      0x332 Drivers/STM32F4xx_HAL_Driver/Src/stm32f4xx_hal_rcc.o
 .debug_abbrev  0x00000f17      0x226 Drivers/STM32F4xx_HAL_Driver/Src/stm32f4xx_hal_rng.o
 .debug_abbrev  0x0000113d      0x33a Drivers/STM32F4xx_HAL_Driver/Src/stm32f4xx_hal_spi.o
 .debug_abbrev  0x00001477      0x151 Src/gpio.o
 .debug_abbrev  0x000015c8      0x1c4 Src/i2c.o
 .debug_abbrev  0x0000178c      0x41c Src/lcd5110.o
 .debug_abbrev  0x00001ba8      0x240 Src/lcd5110_hal.o
 .debug_abbrev  0x00001de8      0x30b Src/lcd5110_ll.o
 .debug_abbrev  0x000020f3      0x419 Src/main.o
 .debug_abbrev  0x0000250c      0x163 Src/rng.o
 .debug_abbrev  0x0000266f      0x1c2 Src/spi.o
 .debug_abbrev  0x00002831       0xc5 Src/stm32f4xx_hal_msp.o
 .debug_abbrev  0x000028f6       0xe3 Src/stm32f4xx_it.o

.debug_aranges  0x00000000      0x8e0
 .debug_aranges
                0x00000000       0x28 Drivers/CMSIS/Device/ST/STM32F4xx/Source/Templates/gcc/startup_stm32f407xx.o
 .debug_aranges
                0x00000028       0x28 Drivers/CMSIS/Device/ST/STM32F4xx/Source/Templates/system_stm32f4xx.o
 .debug_aranges
                0x00000050       0xb8 Drivers/STM32F4xx_HAL_Driver/Src/stm32f4xx_hal.o
 .debug_aranges
                0x00000108       0x98 Drivers/STM32F4xx_HAL_Driver/Src/stm32f4xx_hal_cortex.o
 .debug_aranges
                0x000001a0       0x58 Drivers/STM32F4xx_HAL_Driver/Src/stm32f4xx_hal_gpio.o
 .debug_aranges
                0x000001f8      0x190 Drivers/STM32F4xx_HAL_Driver/Src/stm32f4xx_hal_i2c.o
 .debug_aranges
                0x00000388       0x80 Drivers/STM32F4xx_HAL_Driver/Src/stm32f4xx_hal_rcc.o
 .debug_aranges
                0x00000408       0x70 Drivers/STM32F4xx_HAL_Driver/Src/stm32f4xx_hal_rng.o
 .debug_aranges
                0x00000478      0x150 Drivers/STM32F4xx_HAL_Driver/Src/stm32f4xx_hal_spi.o
 .debug_aranges
                0x000005c8       0x20 Src/gpio.o
 .debug_aranges
                0x000005e8       0x30 Src/i2c.o
 .debug_aranges
                0x00000618       0xc8 Src/lcd5110.o
 .debug_aranges
                0x000006e0       0x58 Src/lcd5110_hal.o
 .debug_aranges
                0x00000738       0x58 Src/lcd5110_ll.o
 .debug_aranges
                0x00000790       0x88 Src/main.o
 .debug_aranges
                0x00000818       0x30 Src/rng.o
 .debug_aranges
                0x00000848       0x30 Src/spi.o
 .debug_aranges
                0x00000878       0x20 Src/stm32f4xx_hal_msp.o
 .debug_aranges
                0x00000898       0x48 Src/stm32f4xx_it.o

.debug_ranges   0x00000000      0xce0
 .debug_ranges  0x00000000       0x20 Drivers/CMSIS/Device/ST/STM32F4xx/Source/Templates/gcc/startup_stm32f407xx.o
 .debug_ranges  0x00000020       0x18 Drivers/CMSIS/Device/ST/STM32F4xx/Source/Templates/system_stm32f4xx.o
 .debug_ranges  0x00000038       0xa8 Drivers/STM32F4xx_HAL_Driver/Src/stm32f4xx_hal.o
 .debug_ranges  0x000000e0      0x120 Drivers/STM32F4xx_HAL_Driver/Src/stm32f4xx_hal_cortex.o
 .debug_ranges  0x00000200       0x60 Drivers/STM32F4xx_HAL_Driver/Src/stm32f4xx_hal_gpio.o
 .debug_ranges  0x00000260      0x210 Drivers/STM32F4xx_HAL_Driver/Src/stm32f4xx_hal_i2c.o
 .debug_ranges  0x00000470      0x158 Drivers/STM32F4xx_HAL_Driver/Src/stm32f4xx_hal_rcc.o
 .debug_ranges  0x000005c8       0x60 Drivers/STM32F4xx_HAL_Driver/Src/stm32f4xx_hal_rng.o
 .debug_ranges  0x00000628      0x170 Drivers/STM32F4xx_HAL_Driver/Src/stm32f4xx_hal_spi.o
 .debug_ranges  0x00000798       0x40 Src/gpio.o
 .debug_ranges  0x000007d8       0x20 Src/i2c.o
 .debug_ranges  0x000007f8      0x1a0 Src/lcd5110.o
 .debug_ranges  0x00000998       0x98 Src/lcd5110_hal.o
 .debug_ranges  0x00000a30       0x98 Src/lcd5110_ll.o
 .debug_ranges  0x00000ac8      0x170 Src/main.o
 .debug_ranges  0x00000c38       0x20 Src/rng.o
 .debug_ranges  0x00000c58       0x40 Src/spi.o
 .debug_ranges  0x00000c98       0x10 Src/stm32f4xx_hal_msp.o
 .debug_ranges  0x00000ca8       0x38 Src/stm32f4xx_it.o

.debug_loc      0x00000000     0x763c
 .debug_loc     0x00000000       0xd7 Drivers/CMSIS/Device/ST/STM32F4xx/Source/Templates/system_stm32f4xx.o
 .debug_loc     0x000000d7       0x92 Drivers/STM32F4xx_HAL_Driver/Src/stm32f4xx_hal.o
 .debug_loc     0x00000169      0x562 Drivers/STM32F4xx_HAL_Driver/Src/stm32f4xx_hal_cortex.o
 .debug_loc     0x000006cb      0x561 Drivers/STM32F4xx_HAL_Driver/Src/stm32f4xx_hal_gpio.o
 .debug_loc     0x00000c2c     0x27bb Drivers/STM32F4xx_HAL_Driver/Src/stm32f4xx_hal_i2c.o
 .debug_loc     0x000033e7      0x42c Drivers/STM32F4xx_HAL_Driver/Src/stm32f4xx_hal_rcc.o
 .debug_loc     0x00003813      0x29f Drivers/STM32F4xx_HAL_Driver/Src/stm32f4xx_hal_rng.o
 .debug_loc     0x00003ab2     0x142d Drivers/STM32F4xx_HAL_Driver/Src/stm32f4xx_hal_spi.o
 .debug_loc     0x00004edf       0x4d Src/i2c.o
 .debug_loc     0x00004f2c      0xee0 Src/lcd5110.o
 .debug_loc     0x00005e0c      0x739 Src/lcd5110_hal.o
 .debug_loc     0x00006545      0x5c1 Src/lcd5110_ll.o
 .debug_loc     0x00006b06      0xae9 Src/main.o
 .debug_loc     0x000075ef       0x4d Src/spi.o

.debug_macro    0x00000000    0x1547c
 .debug_macro   0x00000000      0x2ef Drivers/CMSIS/Device/ST/STM32F4xx/Source/Templates/system_stm32f4xx.o
 .debug_macro   0x000002ef      0x89e Drivers/CMSIS/Device/ST/STM32F4xx/Source/Templates/system_stm32f4xx.o
 .debug_macro   0x00000b8d       0x31 Drivers/CMSIS/Device/ST/STM32F4xx/Source/Templates/system_stm32f4xx.o
 .debug_macro   0x00000bbe       0x28 Drivers/CMSIS/Device/ST/STM32F4xx/Source/Templates/system_stm32f4xx.o
 .debug_macro   0x00000be6       0x22 Drivers/CMSIS/Device/ST/STM32F4xx/Source/Templates/system_stm32f4xx.o
 .debug_macro   0x00000c08       0x44 Drivers/CMSIS/Device/ST/STM32F4xx/Source/Templates/system_stm32f4xx.o
 .debug_macro   0x00000c4c       0xfd Drivers/CMSIS/Device/ST/STM32F4xx/Source/Templates/system_stm32f4xx.o
 .debug_macro   0x00000d49       0x22 Drivers/CMSIS/Device/ST/STM32F4xx/Source/Templates/system_stm32f4xx.o
 .debug_macro   0x00000d6b      0x1df Drivers/CMSIS/Device/ST/STM32F4xx/Source/Templates/system_stm32f4xx.o
 .debug_macro   0x00000f4a       0x35 Drivers/CMSIS/Device/ST/STM32F4xx/Source/Templates/system_stm32f4xx.o
 .debug_macro   0x00000f7f       0x50 Drivers/CMSIS/Device/ST/STM32F4xx/Source/Templates/system_stm32f4xx.o
 .debug_macro   0x00000fcf      0xe66 Drivers/CMSIS/Device/ST/STM32F4xx/Source/Templates/system_stm32f4xx.o
 .debug_macro   0x00001e35     0x93f9 Drivers/CMSIS/Device/ST/STM32F4xx/Source/Templates/system_stm32f4xx.o
 .debug_macro   0x0000b22e       0x43 Drivers/CMSIS/Device/ST/STM32F4xx/Source/Templates/system_stm32f4xx.o
 .debug_macro   0x0000b271       0x2e Drivers/CMSIS/Device/ST/STM32F4xx/Source/Templates/system_stm32f4xx.o
 .debug_macro   0x0000b29f      0x18c Drivers/CMSIS/Device/ST/STM32F4xx/Source/Templates/system_stm32f4xx.o
 .debug_macro   0x0000b42b     0x347f Drivers/CMSIS/Device/ST/STM32F4xx/Source/Templates/system_stm32f4xx.o
 .debug_macro   0x0000e8aa       0x58 Drivers/CMSIS/Device/ST/STM32F4xx/Source/Templates/system_stm32f4xx.o
 .debug_macro   0x0000e902       0x35 Drivers/CMSIS/Device/ST/STM32F4xx/Source/Templates/system_stm32f4xx.o
 .debug_macro   0x0000e937       0x9c Drivers/CMSIS/Device/ST/STM32F4xx/Source/Templates/system_stm32f4xx.o
 .debug_macro   0x0000e9d3       0x16 Drivers/CMSIS/Device/ST/STM32F4xx/Source/Templates/system_stm32f4xx.o
 .debug_macro   0x0000e9e9       0x97 Drivers/CMSIS/Device/ST/STM32F4xx/Source/Templates/system_stm32f4xx.o
 .debug_macro   0x0000ea80      0x329 Drivers/CMSIS/Device/ST/STM32F4xx/Source/Templates/system_stm32f4xx.o
 .debug_macro   0x0000eda9       0xfd Drivers/CMSIS/Device/ST/STM32F4xx/Source/Templates/system_stm32f4xx.o
 .debug_macro   0x0000eea6       0x10 Drivers/CMSIS/Device/ST/STM32F4xx/Source/Templates/system_stm32f4xx.o
 .debug_macro   0x0000eeb6       0x52 Drivers/CMSIS/Device/ST/STM32F4xx/Source/Templates/system_stm32f4xx.o
 .debug_macro   0x0000ef08       0x16 Drivers/CMSIS/Device/ST/STM32F4xx/Source/Templates/system_stm32f4xx.o
 .debug_macro   0x0000ef1e       0x43 Drivers/CMSIS/Device/ST/STM32F4xx/Source/Templates/system_stm32f4xx.o
 .debug_macro   0x0000ef61      0x187 Drivers/CMSIS/Device/ST/STM32F4xx/Source/Templates/system_stm32f4xx.o
 .debug_macro   0x0000f0e8       0x10 Drivers/CMSIS/Device/ST/STM32F4xx/Source/Templates/system_stm32f4xx.o
 .debug_macro   0x0000f0f8       0x22 Drivers/CMSIS/Device/ST/STM32F4xx/Source/Templates/system_stm32f4xx.o
 .debug_macro   0x0000f11a       0x3a Drivers/CMSIS/Device/ST/STM32F4xx/Source/Templates/system_stm32f4xx.o
 .debug_macro   0x0000f154       0x10 Drivers/CMSIS/Device/ST/STM32F4xx/Source/Templates/system_stm32f4xx.o
 .debug_macro   0x0000f164       0x40 Drivers/CMSIS/Device/ST/STM32F4xx/Source/Templates/system_stm32f4xx.o
 .debug_macro   0x0000f1a4       0x65 Drivers/CMSIS/Device/ST/STM32F4xx/Source/Templates/system_stm32f4xx.o
 .debug_macro   0x0000f209       0x16 Drivers/CMSIS/Device/ST/STM32F4xx/Source/Templates/system_stm32f4xx.o
 .debug_macro   0x0000f21f      0x197 Drivers/CMSIS/Device/ST/STM32F4xx/Source/Templates/system_stm32f4xx.o
 .debug_macro   0x0000f3b6       0x50 Drivers/CMSIS/Device/ST/STM32F4xx/Source/Templates/system_stm32f4xx.o
 .debug_macro   0x0000f406      0x964 Drivers/CMSIS/Device/ST/STM32F4xx/Source/Templates/system_stm32f4xx.o
 .debug_macro   0x0000fd6a      0x9e1 Drivers/CMSIS/Device/ST/STM32F4xx/Source/Templates/system_stm32f4xx.o
 .debug_macro   0x0001074b      0x11e Drivers/CMSIS/Device/ST/STM32F4xx/Source/Templates/system_stm32f4xx.o
 .debug_macro   0x00010869      0x13e Drivers/CMSIS/Device/ST/STM32F4xx/Source/Templates/system_stm32f4xx.o
 .debug_macro   0x000109a7       0x27 Drivers/CMSIS/Device/ST/STM32F4xx/Source/Templates/system_stm32f4xx.o
 .debug_macro   0x000109ce      0x287 Drivers/CMSIS/Device/ST/STM32F4xx/Source/Templates/system_stm32f4xx.o
 .debug_macro   0x00010c55       0x5f Drivers/CMSIS/Device/ST/STM32F4xx/Source/Templates/system_stm32f4xx.o
 .debug_macro   0x00010cb4      0x23a Drivers/CMSIS/Device/ST/STM32F4xx/Source/Templates/system_stm32f4xx.o
 .debug_macro   0x00010eee      0x13a Drivers/CMSIS/Device/ST/STM32F4xx/Source/Templates/system_stm32f4xx.o
 .debug_macro   0x00011028      0x21e Drivers/CMSIS/Device/ST/STM32F4xx/Source/Templates/system_stm32f4xx.o
 .debug_macro   0x00011246       0x2e Drivers/CMSIS/Device/ST/STM32F4xx/Source/Templates/system_stm32f4xx.o
 .debug_macro   0x00011274      0x1a7 Drivers/CMSIS/Device/ST/STM32F4xx/Source/Templates/system_stm32f4xx.o
 .debug_macro   0x0001141b       0xa5 Drivers/CMSIS/Device/ST/STM32F4xx/Source/Templates/system_stm32f4xx.o
 .debug_macro   0x000114c0      0x11e Drivers/CMSIS/Device/ST/STM32F4xx/Source/Templates/system_stm32f4xx.o
 .debug_macro   0x000115de       0x7f Drivers/CMSIS/Device/ST/STM32F4xx/Source/Templates/system_stm32f4xx.o
 .debug_macro   0x0001165d       0x89 Drivers/CMSIS/Device/ST/STM32F4xx/Source/Templates/system_stm32f4xx.o
 .debug_macro   0x000116e6       0x7e Drivers/CMSIS/Device/ST/STM32F4xx/Source/Templates/system_stm32f4xx.o
 .debug_macro   0x00011764      0x202 Drivers/CMSIS/Device/ST/STM32F4xx/Source/Templates/system_stm32f4xx.o
 .debug_macro   0x00011966      0x125 Drivers/CMSIS/Device/ST/STM32F4xx/Source/Templates/system_stm32f4xx.o
 .debug_macro   0x00011a8b      0x337 Drivers/STM32F4xx_HAL_Driver/Src/stm32f4xx_hal.o
 .debug_macro   0x00011dc2      0x2e9 Drivers/STM32F4xx_HAL_Driver/Src/stm32f4xx_hal_cortex.o
 .debug_macro   0x000120ab      0x321 Drivers/STM32F4xx_HAL_Driver/Src/stm32f4xx_hal_gpio.o
 .debug_macro   0x000123cc      0x329 Drivers/STM32F4xx_HAL_Driver/Src/stm32f4xx_hal_i2c.o
 .debug_macro   0x000126f5      0x313 Drivers/STM32F4xx_HAL_Driver/Src/stm32f4xx_hal_rcc.o
 .debug_macro   0x00012a08      0x2ef Drivers/STM32F4xx_HAL_Driver/Src/stm32f4xx_hal_rng.o
 .debug_macro   0x00012cf7      0x2f1 Drivers/STM32F4xx_HAL_Driver/Src/stm32f4xx_hal_spi.o
 .debug_macro   0x00012fe8      0x2f3 Src/gpio.o
 .debug_macro   0x000132db      0x2fd Src/i2c.o
 .debug_macro   0x000135d8      0x37f Src/lcd5110.o
 .debug_macro   0x00013957       0x22 Src/lcd5110.o
 .debug_macro   0x00013979       0x3b Src/lcd5110.o
 .debug_macro   0x000139b4       0x28 Src/lcd5110.o
 .debug_macro   0x000139dc       0x2b Src/lcd5110.o
 .debug_macro   0x00013a07      0x118 Src/lcd5110.o
 .debug_macro   0x00013b1f      0x1e1 Src/lcd5110.o
 .debug_macro   0x00013d00       0xac Src/lcd5110.o
 .debug_macro   0x00013dac       0x52 Src/lcd5110.o
 .debug_macro   0x00013dfe      0x31f Src/lcd5110_hal.o
 .debug_macro   0x0001411d      0x37a Src/lcd5110_ll.o
 .debug_macro   0x00014497      0x38f Src/main.o
 .debug_macro   0x00014826       0x16 Src/main.o
 .debug_macro   0x0001483c       0x35 Src/main.o
 .debug_macro   0x00014871       0x16 Src/main.o
 .debug_macro   0x00014887       0x29 Src/main.o
 .debug_macro   0x000148b0      0x2f3 Src/rng.o
 .debug_macro   0x00014ba3      0x2fd Src/spi.o
 .debug_macro   0x00014ea0      0x2e9 Src/stm32f4xx_hal_msp.o
 .debug_macro   0x00015189      0x2f3 Src/stm32f4xx_it.o

.debug_str      0x00000000    0x6c5d9
 .debug_str     0x00000000    0x67c00 Drivers/CMSIS/Device/ST/STM32F4xx/Source/Templates/system_stm32f4xx.o
                              0x67eab (size before relaxing)
 .debug_str     0x00067c00      0x9e3 Drivers/STM32F4xx_HAL_Driver/Src/stm32f4xx_hal.o
                              0x68872 (size before relaxing)
 .debug_str     0x000685e3      0x33c Drivers/STM32F4xx_HAL_Driver/Src/stm32f4xx_hal_cortex.o
                              0x686ff (size before relaxing)
 .debug_str     0x0006891f      0x2e1 Drivers/STM32F4xx_HAL_Driver/Src/stm32f4xx_hal_gpio.o
                              0x68110 (size before relaxing)
 .debug_str     0x00068c00      0xe41 Drivers/STM32F4xx_HAL_Driver/Src/stm32f4xx_hal_i2c.o
                              0x68be5 (size before relaxing)
 .debug_str     0x00069a41      0x368 Drivers/STM32F4xx_HAL_Driver/Src/stm32f4xx_hal_rcc.o
                              0x6829f (size before relaxing)
 .debug_str     0x00069da9      0x1f3 Drivers/STM32F4xx_HAL_Driver/Src/stm32f4xx_hal_rng.o
                              0x67f28 (size before relaxing)
 .debug_str     0x00069f9c      0x561 Drivers/STM32F4xx_HAL_Driver/Src/stm32f4xx_hal_spi.o
                              0x68552 (size before relaxing)
 .debug_str     0x0006a4fd       0x25 Src/gpio.o
                              0x67e76 (size before relaxing)
 .debug_str     0x0006a522       0x63 Src/i2c.o
                              0x683b0 (size before relaxing)
 .debug_str     0x0006a585     0x16fa Src/lcd5110.o
                              0x698e8 (size before relaxing)
 .debug_str     0x0006bc7f       0xa6 Src/lcd5110_hal.o
                              0x68335 (size before relaxing)
 .debug_str     0x0006bd25      0x47f Src/lcd5110_ll.o
                              0x68798 (size before relaxing)
 .debug_str     0x0006c1a4      0x30d Src/main.o
                              0x691bf (size before relaxing)
 .debug_str     0x0006c4b1       0x39 Src/rng.o
                              0x67f09 (size before relaxing)
 .debug_str     0x0006c4ea       0x39 Src/spi.o
                              0x682f4 (size before relaxing)
 .debug_str     0x0006c523       0x27 Src/stm32f4xx_hal_msp.o
                              0x681dd (size before relaxing)
 .debug_str     0x0006c54a       0x8f Src/stm32f4xx_it.o
                              0x67d2f (size before relaxing)

.comment        0x00000000       0x6e
 .comment       0x00000000       0x6e Drivers/CMSIS/Device/ST/STM32F4xx/Source/Templates/system_stm32f4xx.o
                                 0x6f (size before relaxing)
 .comment       0x0000006e       0x6f Drivers/STM32F4xx_HAL_Driver/Src/stm32f4xx_hal.o
 .comment       0x0000006e       0x6f Drivers/STM32F4xx_HAL_Driver/Src/stm32f4xx_hal_cortex.o
 .comment       0x0000006e       0x6f Drivers/STM32F4xx_HAL_Driver/Src/stm32f4xx_hal_gpio.o
 .comment       0x0000006e       0x6f Drivers/STM32F4xx_HAL_Driver/Src/stm32f4xx_hal_i2c.o
 .comment       0x0000006e       0x6f Drivers/STM32F4xx_HAL_Driver/Src/stm32f4xx_hal_rcc.o
 .comment       0x0000006e       0x6f Drivers/STM32F4xx_HAL_Driver/Src/stm32f4xx_hal_rng.o
 .comment       0x0000006e       0x6f Drivers/STM32F4xx_HAL_Driver/Src/stm32f4xx_hal_spi.o
 .comment       0x0000006e       0x6f Src/gpio.o
 .comment       0x0000006e       0x6f Src/i2c.o
 .comment       0x0000006e       0x6f Src/lcd5110.o
 .comment       0x0000006e       0x6f Src/lcd5110_hal.o
 .comment       0x0000006e       0x6f Src/lcd5110_ll.o
 .comment       0x0000006e       0x6f Src/main.o
 .comment       0x0000006e       0x6f Src/rng.o
 .comment       0x0000006e       0x6f Src/spi.o
 .comment       0x0000006e       0x6f Src/stm32f4xx_hal_msp.o
 .comment       0x0000006e       0x6f Src/stm32f4xx_it.o

.debug_frame    0x00000000     0x1a8c
 .debug_frame   0x00000000       0x30 Drivers/CMSIS/Device/ST/STM32F4xx/Source/Templates/system_stm32f4xx.o
 .debug_frame   0x00000030      0x184 Drivers/STM32F4xx_HAL_Driver/Src/stm32f4xx_hal.o
 .debug_frame   0x000001b4      0x180 Drivers/STM32F4xx_HAL_Driver/Src/stm32f4xx_hal_cortex.o
 .debug_frame   0x00000334       0xfc Drivers/STM32F4xx_HAL_Driver/Src/stm32f4xx_hal_gpio.o
 .debug_frame   0x00000430      0x654 Drivers/STM32F4xx_HAL_Driver/Src/stm32f4xx_hal_i2c.o
 .debug_frame   0x00000a84      0x13c Drivers/STM32F4xx_HAL_Driver/Src/stm32f4xx_hal_rcc.o
 .debug_frame   0x00000bc0      0x110 Drivers/STM32F4xx_HAL_Driver/Src/stm32f4xx_hal_rng.o
 .debug_frame   0x00000cd0      0x4a8 Drivers/STM32F4xx_HAL_Driver/Src/stm32f4xx_hal_spi.o
 .debug_frame   0x00001178       0x34 Src/gpio.o
 .debug_frame   0x000011ac       0x58 Src/i2c.o
 .debug_frame   0x00001204      0x2d0 Src/lcd5110.o
 .debug_frame   0x000014d4       0xdc Src/lcd5110_hal.o
 .debug_frame   0x000015b0       0xe0 Src/lcd5110_ll.o
 .debug_frame   0x00001690      0x1cc Src/main.o
 .debug_frame   0x0000185c       0x58 Src/rng.o
 .debug_frame   0x000018b4       0x58 Src/spi.o
 .debug_frame   0x0000190c       0x2c Src/stm32f4xx_hal_msp.o
 .debug_frame   0x00001938       0xac Src/stm32f4xx_it.o
 .debug_frame   0x000019e4       0x2c f:/ac6/system workbench/plugins/fr.ac6.mcu.externaltools.arm-none.win32_1.7.0.201602121829/tools/compiler/bin/../lib/gcc/arm-none-eabi/5.2.1/../../../../arm-none-eabi/lib/armv7e-m/fpu\libc_nano.a(lib_a-init.o)
 .debug_frame   0x00001a10       0x38 f:/ac6/system workbench/plugins/fr.ac6.mcu.externaltools.arm-none.win32_1.7.0.201602121829/tools/compiler/bin/../lib/gcc/arm-none-eabi/5.2.1/../../../../arm-none-eabi/lib/armv7e-m/fpu\libc_nano.a(lib_a-itoa.o)
 .debug_frame   0x00001a48       0x44 f:/ac6/system workbench/plugins/fr.ac6.mcu.externaltools.arm-none.win32_1.7.0.201602121829/tools/compiler/bin/../lib/gcc/arm-none-eabi/5.2.1/../../../../arm-none-eabi/lib/armv7e-m/fpu\libc_nano.a(lib_a-utoa.o)
